Mongo URI Loaded: Yes
PORT: 5000
Environment: development
⏳ Connecting to MongoDB Atlas...
(node:9520) [MONGOOSE] Warning: Duplicate schema index on {"siteCode":1} found. This is often due to declaring an index using both "index: true" and "schema.index()". Please remove the duplicate index definition.
(Use `node --trace-warnings ...` to show where the warning was created)
✅ MongoDB Atlas Connected
🚀 Server running on port 5000 (DB: atlas)
Fetching orders for user: 69e7139a6de8e96ec66ae34e
Orders found: 4
Found 7 bills with customer info for site RESTO6921
Fetching orders for user: 69e7139a6de8e96ec66ae34e
Orders found: 4
Found 7 bills with customer info for site RESTO6921
⚠️  MongoDB disconnected — reconnecting in 5 s...
⏳ Connecting to MongoDB Atlas...
✅ MongoDB Atlas Connected
Error: Not allowed by CORS
    at origin (C:\Users\Administrator\Desktop\HotelM\RestoM 11Final\Backend\index.js:47:14)
    at C:\Users\Administrator\Desktop\HotelM\RestoM 11Final\Backend\node_modules\cors\lib\index.js:219:13
    at optionsCallback (C:\Users\Administrator\Desktop\HotelM\RestoM 11Final\Backend\node_modules\cors\lib\index.js:199:9)
    at corsMiddleware (C:\Users\Administrator\Desktop\HotelM\RestoM 11Final\Backend\node_modules\cors\lib\index.js:204:7)
    at Layer.handle [as handle_request] (C:\Users\Administrator\Desktop\HotelM\RestoM 11Final\Backend\node_modules\express\lib\router\layer.js:95:5)
    at trim_prefix (C:\Users\Administrator\Desktop\HotelM\RestoM 11Final\Backend\node_modules\express\lib\router\index.js:328:13)
    at C:\Users\Administrator\Desktop\HotelM\RestoM 11Final\Backend\node_modules\express\lib\router\index.js:286:9
    at router.process_params (C:\Users\Administrator\Desktop\HotelM\RestoM 11Final\Backend\node_modules\express\lib\router\index.js:346:12)
    at next (C:\Users\Administrator\Desktop\HotelM\RestoM 11Final\Backend\node_modules\express\lib\router\index.js:280:10)
    at expressInit (C:\Users\Administrator\Desktop\HotelM\RestoM 11Final\Backend\node_modules\express\lib\middleware\init.js:40:5)
Error: Not allowed by CORS
    at origin (C:\Users\Administrator\Desktop\HotelM\RestoM 11Final\Backend\index.js:47:14)
    at C:\Users\Administrator\Desktop\HotelM\RestoM 11Final\Backend\node_modules\cors\lib\index.js:219:13
    at optionsCallback (C:\Users\Administrator\Desktop\HotelM\RestoM 11Final\Backend\node_modules\cors\lib\index.js:199:9)
    at corsMiddleware (C:\Users\Administrator\Desktop\HotelM\RestoM 11Final\Backend\node_modules\cors\lib\index.js:204:7)
    at Layer.handle [as handle_request] (C:\Users\Administrator\Desktop\HotelM\RestoM 11Final\Backend\node_modules\express\lib\router\layer.js:95:5)
    at trim_prefix (C:\Users\Administrator\Desktop\HotelM\RestoM 11Final\Backend\node_modules\express\lib\router\index.js:328:13)
    at C:\Users\Administrator\Desktop\HotelM\RestoM 11Final\Backend\node_modules\express\lib\router\index.js:286:9
    at router.process_params (C:\Users\Administrator\Desktop\HotelM\RestoM 11Final\Backend\node_modules\express\lib\router\index.js:346:12)
    at next (C:\Users\Administrator\Desktop\HotelM\RestoM 11Final\Backend\node_modules\express\lib\router\index.js:280:10)
    at expressInit (C:\Users\Administrator\Desktop\HotelM\RestoM 11Final\Backend\node_modules\express\lib\middleware\init.js:40:5)
Error: Not allowed by CORS
    at origin (C:\Users\Administrator\Desktop\HotelM\RestoM 11Final\Backend\index.js:47:14)
    at C:\Users\Administrator\Desktop\HotelM\RestoM 11Final\Backend\node_modules\cors\lib\index.js:219:13
    at optionsCallback (C:\Users\Administrator\Desktop\HotelM\RestoM 11Final\Backend\node_modules\cors\lib\index.js:199:9)
    at corsMiddleware (C:\Users\Administrator\Desktop\HotelM\RestoM 11Final\Backend\node_modules\cors\lib\index.js:204:7)
    at Layer.handle [as handle_request] (C:\Users\Administrator\Desktop\HotelM\RestoM 11Final\Backend\node_modules\express\lib\router\layer.js:95:5)
    at trim_prefix (C:\Users\Administrator\Desktop\HotelM\RestoM 11Final\Backend\node_modules\express\lib\router\index.js:328:13)
    at C:\Users\Administrator\Desktop\HotelM\RestoM 11Final\Backend\node_modules\express\lib\router\index.js:286:9
    at router.process_params (C:\Users\Administrator\Desktop\HotelM\RestoM 11Final\Backend\node_modules\express\lib\router\index.js:346:12)
    at next (C:\Users\Administrator\Desktop\HotelM\RestoM 11Final\Backend\node_modules\express\lib\router\index.js:280:10)
    at expressInit (C:\Users\Administrator\Desktop\HotelM\RestoM 11Final\Backend\node_modules\express\lib\middleware\init.js:40:5)
Error: Not allowed by CORS
    at origin (C:\Users\Administrator\Desktop\HotelM\RestoM 11Final\Backend\index.js:47:14)
    at C:\Users\Administrator\Desktop\HotelM\RestoM 11Final\Backend\node_modules\cors\lib\index.js:219:13
    at optionsCallback (C:\Users\Administrator\Desktop\HotelM\RestoM 11Final\Backend\node_modules\cors\lib\index.js:199:9)
    at corsMiddleware (C:\Users\Administrator\Desktop\HotelM\RestoM 11Final\Backend\node_modules\cors\lib\index.js:204:7)
    at Layer.handle [as handle_request] (C:\Users\Administrator\Desktop\HotelM\RestoM 11Final\Backend\node_modules\express\lib\router\layer.js:95:5)
    at trim_prefix (C:\Users\Administrator\Desktop\HotelM\RestoM 11Final\Backend\node_modules\express\lib\router\index.js:328:13)
    at C:\Users\Administrator\Desktop\HotelM\RestoM 11Final\Backend\node_modules\express\lib\router\index.js:286:9
    at router.process_params (C:\Users\Administrator\Desktop\HotelM\RestoM 11Final\Backend\node_modules\express\lib\router\index.js:346:12)
    at next (C:\Users\Administrator\Desktop\HotelM\RestoM 11Final\Backend\node_modules\express\lib\router\index.js:280:10)
    at expressInit (C:\Users\Administrator\Desktop\HotelM\RestoM 11Final\Backend\node_modules\express\lib\middleware\init.js:40:5)
Error: Not allowed by CORS
    at origin (C:\Users\Administrator\Desktop\HotelM\RestoM 11Final\Backend\index.js:47:14)
    at C:\Users\Administrator\Desktop\HotelM\RestoM 11Final\Backend\node_modules\cors\lib\index.js:219:13
    at optionsCallback (C:\Users\Administrator\Desktop\HotelM\RestoM 11Final\Backend\node_modules\cors\lib\index.js:199:9)
    at corsMiddleware (C:\Users\Administrator\Desktop\HotelM\RestoM 11Final\Backend\node_modules\cors\lib\index.js:204:7)
    at Layer.handle [as handle_request] (C:\Users\Administrator\Desktop\HotelM\RestoM 11Final\Backend\node_modules\express\lib\router\layer.js:95:5)
    at trim_prefix (C:\Users\Administrator\Desktop\HotelM\RestoM 11Final\Backend\node_modules\express\lib\router\index.js:328:13)
    at C:\Users\Administrator\Desktop\HotelM\RestoM 11Final\Backend\node_modules\express\lib\router\index.js:286:9
    at router.process_params (C:\Users\Administrator\Desktop\HotelM\RestoM 11Final\Backend\node_modules\express\lib\router\index.js:346:12)
    at next (C:\Users\Administrator\Desktop\HotelM\RestoM 11Final\Backend\node_modules\express\lib\router\index.js:280:10)
    at expressInit (C:\Users\Administrator\Desktop\HotelM\RestoM 11Final\Backend\node_modules\express\lib\middleware\init.js:40:5)
Error: Not allowed by CORS
    at origin (C:\Users\Administrator\Desktop\HotelM\RestoM 11Final\Backend\index.js:47:14)
    at C:\Users\Administrator\Desktop\HotelM\RestoM 11Final\Backend\node_modules\cors\lib\index.js:219:13
    at optionsCallback (C:\Users\Administrator\Desktop\HotelM\RestoM 11Final\Backend\node_modules\cors\lib\index.js:199:9)
    at corsMiddleware (C:\Users\Administrator\Desktop\HotelM\RestoM 11Final\Backend\node_modules\cors\lib\index.js:204:7)
    at Layer.handle [as handle_request] (C:\Users\Administrator\Desktop\HotelM\RestoM 11Final\Backend\node_modules\express\lib\router\layer.js:95:5)
    at trim_prefix (C:\Users\Administrator\Desktop\HotelM\RestoM 11Final\Backend\node_modules\express\lib\router\index.js:328:13)
    at C:\Users\Administrator\Desktop\HotelM\RestoM 11Final\Backend\node_modules\express\lib\router\index.js:286:9
    at router.process_params (C:\Users\Administrator\Desktop\HotelM\RestoM 11Final\Backend\node_modules\express\lib\router\index.js:346:12)
    at next (C:\Users\Administrator\Desktop\HotelM\RestoM 11Final\Backend\node_modules\express\lib\router\index.js:280:10)
    at expressInit (C:\Users\Administrator\Desktop\HotelM\RestoM 11Final\Backend\node_modules\express\lib\middleware\init.js:40:5)
Error: Not allowed by CORS
    at origin (C:\Users\Administrator\Desktop\HotelM\RestoM 11Final\Backend\index.js:47:14)
    at C:\Users\Administrator\Desktop\HotelM\RestoM 11Final\Backend\node_modules\cors\lib\index.js:219:13
    at optionsCallback (C:\Users\Administrator\Desktop\HotelM\RestoM 11Final\Backend\node_modules\cors\lib\index.js:199:9)
    at corsMiddleware (C:\Users\Administrator\Desktop\HotelM\RestoM 11Final\Backend\node_modules\cors\lib\index.js:204:7)
    at Layer.handle [as handle_request] (C:\Users\Administrator\Desktop\HotelM\RestoM 11Final\Backend\node_modules\express\lib\router\layer.js:95:5)
    at trim_prefix (C:\Users\Administrator\Desktop\HotelM\RestoM 11Final\Backend\node_modules\express\lib\router\index.js:328:13)
    at C:\Users\Administrator\Desktop\HotelM\RestoM 11Final\Backend\node_modules\express\lib\router\index.js:286:9
    at router.process_params (C:\Users\Administrator\Desktop\HotelM\RestoM 11Final\Backend\node_modules\express\lib\router\index.js:346:12)
    at next (C:\Users\Administrator\Desktop\HotelM\RestoM 11Final\Backend\node_modules\express\lib\router\index.js:280:10)
    at expressInit (C:\Users\Administrator\Desktop\HotelM\RestoM 11Final\Backend\node_modules\express\lib\middleware\init.js:40:5)
Error: Not allowed by CORS
    at origin (C:\Users\Administrator\Desktop\HotelM\RestoM 11Final\Backend\index.js:47:14)
    at C:\Users\Administrator\Desktop\HotelM\RestoM 11Final\Backend\node_modules\cors\lib\index.js:219:13
    at optionsCallback (C:\Users\Administrator\Desktop\HotelM\RestoM 11Final\Backend\node_modules\cors\lib\index.js:199:9)
    at corsMiddleware (C:\Users\Administrator\Desktop\HotelM\RestoM 11Final\Backend\node_modules\cors\lib\index.js:204:7)
    at Layer.handle [as handle_request] (C:\Users\Administrator\Desktop\HotelM\RestoM 11Final\Backend\node_modules\express\lib\router\layer.js:95:5)
    at trim_prefix (C:\Users\Administrator\Desktop\HotelM\RestoM 11Final\Backend\node_modules\express\lib\router\index.js:328:13)
    at C:\Users\Administrator\Desktop\HotelM\RestoM 11Final\Backend\node_modules\express\lib\router\index.js:286:9
    at router.process_params (C:\Users\Administrator\Desktop\HotelM\RestoM 11Final\Backend\node_modules\express\lib\router\index.js:346:12)
    at next (C:\Users\Administrator\Desktop\HotelM\RestoM 11Final\Backend\node_modules\express\lib\router\index.js:280:10)
    at expressInit (C:\Users\Administrator\Desktop\HotelM\RestoM 11Final\Backend\node_modules\express\lib\middleware\init.js:40:5)
Error: Not allowed by CORS
    at origin (C:\Users\Administrator\Desktop\HotelM\RestoM 11Final\Backend\index.js:47:14)
    at C:\Users\Administrator\Desktop\HotelM\RestoM 11Final\Backend\node_modules\cors\lib\index.js:219:13
    at optionsCallback (C:\Users\Administrator\Desktop\HotelM\RestoM 11Final\Backend\node_modules\cors\lib\index.js:199:9)
    at corsMiddleware (C:\Users\Administrator\Desktop\HotelM\RestoM 11Final\Backend\node_modules\cors\lib\index.js:204:7)
    at Layer.handle [as handle_request] (C:\Users\Administrator\Desktop\HotelM\RestoM 11Final\Backend\node_modules\express\lib\router\layer.js:95:5)
    at trim_prefix (C:\Users\Administrator\Desktop\HotelM\RestoM 11Final\Backend\node_modules\express\lib\router\index.js:328:13)
    at C:\Users\Administrator\Desktop\HotelM\RestoM 11Final\Backend\node_modules\express\lib\router\index.js:286:9
    at router.process_params (C:\Users\Administrator\Desktop\HotelM\RestoM 11Final\Backend\node_modules\express\lib\router\index.js:346:12)
    at next (C:\Users\Administrator\Desktop\HotelM\RestoM 11Final\Backend\node_modules\express\lib\router\index.js:280:10)
    at expressInit (C:\Users\Administrator\Desktop\HotelM\RestoM 11Final\Backend\node_modules\express\lib\middleware\init.js:40:5)
Error: Not allowed by CORS
    at origin (C:\Users\Administrator\Desktop\HotelM\RestoM 11Final\Backend\index.js:47:14)
    at C:\Users\Administrator\Desktop\HotelM\RestoM 11Final\Backend\node_modules\cors\lib\index.js:219:13
    at optionsCallback (C:\Users\Administrator\Desktop\HotelM\RestoM 11Final\Backend\node_modules\cors\lib\index.js:199:9)
    at corsMiddleware (C:\Users\Administrator\Desktop\HotelM\RestoM 11Final\Backend\node_modules\cors\lib\index.js:204:7)
    at Layer.handle [as handle_request] (C:\Users\Administrator\Desktop\HotelM\RestoM 11Final\Backend\node_modules\express\lib\router\layer.js:95:5)
    at trim_prefix (C:\Users\Administrator\Desktop\HotelM\RestoM 11Final\Backend\node_modules\express\lib\router\index.js:328:13)
    at C:\Users\Administrator\Desktop\HotelM\RestoM 11Final\Backend\node_modules\express\lib\router\index.js:286:9
    at router.process_params (C:\Users\Administrator\Desktop\HotelM\RestoM 11Final\Backend\node_modules\express\lib\router\index.js:346:12)
    at next (C:\Users\Administrator\Desktop\HotelM\RestoM 11Final\Backend\node_modules\express\lib\router\index.js:280:10)
    at expressInit (C:\Users\Administrator\Desktop\HotelM\RestoM 11Final\Backend\node_modules\express\lib\middleware\init.js:40:5)
Error: Not allowed by CORS
    at origin (C:\Users\Administrator\Desktop\HotelM\RestoM 11Final\Backend\index.js:47:14)
    at C:\Users\Administrator\Desktop\HotelM\RestoM 11Final\Backend\node_modules\cors\lib\index.js:219:13
    at optionsCallback (C:\Users\Administrator\Desktop\HotelM\RestoM 11Final\Backend\node_modules\cors\lib\index.js:199:9)
    at corsMiddleware (C:\Users\Administrator\Desktop\HotelM\RestoM 11Final\Backend\node_modules\cors\lib\index.js:204:7)
    at Layer.handle [as handle_request] (C:\Users\Administrator\Desktop\HotelM\RestoM 11Final\Backend\node_modules\express\lib\router\layer.js:95:5)
    at trim_prefix (C:\Users\Administrator\Desktop\HotelM\RestoM 11Final\Backend\node_modules\express\lib\router\index.js:328:13)
    at C:\Users\Administrator\Desktop\HotelM\RestoM 11Final\Backend\node_modules\express\lib\router\index.js:286:9
    at router.process_params (C:\Users\Administrator\Desktop\HotelM\RestoM 11Final\Backend\node_modules\express\lib\router\index.js:346:12)
    at next (C:\Users\Administrator\Desktop\HotelM\RestoM 11Final\Backend\node_modules\express\lib\router\index.js:280:10)
    at expressInit (C:\Users\Administrator\Desktop\HotelM\RestoM 11Final\Backend\node_modules\express\lib\middleware\init.js:40:5)
Error: Not allowed by CORS
    at origin (C:\Users\Administrator\Desktop\HotelM\RestoM 11Final\Backend\index.js:47:14)
    at C:\Users\Administrator\Desktop\HotelM\RestoM 11Final\Backend\node_modules\cors\lib\index.js:219:13
    at optionsCallback (C:\Users\Administrator\Desktop\HotelM\RestoM 11Final\Backend\node_modules\cors\lib\index.js:199:9)
    at corsMiddleware (C:\Users\Administrator\Desktop\HotelM\RestoM 11Final\Backend\node_modules\cors\lib\index.js:204:7)
    at Layer.handle [as handle_request] (C:\Users\Administrator\Desktop\HotelM\RestoM 11Final\Backend\node_modules\express\lib\router\layer.js:95:5)
    at trim_prefix (C:\Users\Administrator\Desktop\HotelM\RestoM 11Final\Backend\node_modules\express\lib\router\index.js:328:13)
    at C:\Users\Administrator\Desktop\HotelM\RestoM 11Final\Backend\node_modules\express\lib\router\index.js:286:9
    at router.process_params (C:\Users\Administrator\Desktop\HotelM\RestoM 11Final\Backend\node_modules\express\lib\router\index.js:346:12)
    at next (C:\Users\Administrator\Desktop\HotelM\RestoM 11Final\Backend\node_modules\express\lib\router\index.js:280:10)
    at expressInit (C:\Users\Administrator\Desktop\HotelM\RestoM 11Final\Backend\node_modules\express\lib\middleware\init.js:40:5)
Error: Not allowed by CORS
    at origin (C:\Users\Administrator\Desktop\HotelM\RestoM 11Final\Backend\index.js:47:14)
    at C:\Users\Administrator\Desktop\HotelM\RestoM 11Final\Backend\node_modules\cors\lib\index.js:219:13
    at optionsCallback (C:\Users\Administrator\Desktop\HotelM\RestoM 11Final\Backend\node_modules\cors\lib\index.js:199:9)
    at corsMiddleware (C:\Users\Administrator\Desktop\HotelM\RestoM 11Final\Backend\node_modules\cors\lib\index.js:204:7)
    at Layer.handle [as handle_request] (C:\Users\Administrator\Desktop\HotelM\RestoM 11Final\Backend\node_modules\express\lib\router\layer.js:95:5)
    at trim_prefix (C:\Users\Administrator\Desktop\HotelM\RestoM 11Final\Backend\node_modules\express\lib\router\index.js:328:13)
    at C:\Users\Administrator\Desktop\HotelM\RestoM 11Final\Backend\node_modules\express\lib\router\index.js:286:9
    at router.process_params (C:\Users\Administrator\Desktop\HotelM\RestoM 11Final\Backend\node_modules\express\lib\router\index.js:346:12)
    at next (C:\Users\Administrator\Desktop\HotelM\RestoM 11Final\Backend\node_modules\express\lib\router\index.js:280:10)
    at expressInit (C:\Users\Administrator\Desktop\HotelM\RestoM 11Final\Backend\node_modules\express\lib\middleware\init.js:40:5)
Error: Not allowed by CORS
    at origin (C:\Users\Administrator\Desktop\HotelM\RestoM 11Final\Backend\index.js:47:14)
    at C:\Users\Administrator\Desktop\HotelM\RestoM 11Final\Backend\node_modules\cors\lib\index.js:219:13
    at optionsCallback (C:\Users\Administrator\Desktop\HotelM\RestoM 11Final\Backend\node_modules\cors\lib\index.js:199:9)
    at corsMiddleware (C:\Users\Administrator\Desktop\HotelM\RestoM 11Final\Backend\node_modules\cors\lib\index.js:204:7)
    at Layer.handle [as handle_request] (C:\Users\Administrator\Desktop\HotelM\RestoM 11Final\Backend\node_modules\express\lib\router\layer.js:95:5)
    at trim_prefix (C:\Users\Administrator\Desktop\HotelM\RestoM 11Final\Backend\node_modules\express\lib\router\index.js:328:13)
    at C:\Users\Administrator\Desktop\HotelM\RestoM 11Final\Backend\node_modules\express\lib\router\index.js:286:9
    at router.process_params (C:\Users\Administrator\Desktop\HotelM\RestoM 11Final\Backend\node_modules\express\lib\router\index.js:346:12)
    at next (C:\Users\Administrator\Desktop\HotelM\RestoM 11Final\Backend\node_modules\express\lib\router\index.js:280:10)
    at expressInit (C:\Users\Administrator\Desktop\HotelM\RestoM 11Final\Backend\node_modules\express\lib\middleware\init.js:40:5)
Error: Not allowed by CORS
    at origin (C:\Users\Administrator\Desktop\HotelM\RestoM 11Final\Backend\index.js:47:14)
    at C:\Users\Administrator\Desktop\HotelM\RestoM 11Final\Backend\node_modules\cors\lib\index.js:219:13
    at optionsCallback (C:\Users\Administrator\Desktop\HotelM\RestoM 11Final\Backend\node_modules\cors\lib\index.js:199:9)
    at corsMiddleware (C:\Users\Administrator\Desktop\HotelM\RestoM 11Final\Backend\node_modules\cors\lib\index.js:204:7)
    at Layer.handle [as handle_request] (C:\Users\Administrator\Desktop\HotelM\RestoM 11Final\Backend\node_modules\express\lib\router\layer.js:95:5)
    at trim_prefix (C:\Users\Administrator\Desktop\HotelM\RestoM 11Final\Backend\node_modules\express\lib\router\index.js:328:13)
    at C:\Users\Administrator\Desktop\HotelM\RestoM 11Final\Backend\node_modules\express\lib\router\index.js:286:9
    at router.process_params (C:\Users\Administrator\Desktop\HotelM\RestoM 11Final\Backend\node_modules\express\lib\router\index.js:346:12)
    at next (C:\Users\Administrator\Desktop\HotelM\RestoM 11Final\Backend\node_modules\express\lib\router\index.js:280:10)
    at expressInit (C:\Users\Administrator\Desktop\HotelM\RestoM 11Final\Backend\node_modules\express\lib\middleware\init.js:40:5)
Error: Not allowed by CORS
    at origin (C:\Users\Administrator\Desktop\HotelM\RestoM 11Final\Backend\index.js:47:14)
    at C:\Users\Administrator\Desktop\HotelM\RestoM 11Final\Backend\node_modules\cors\lib\index.js:219:13
    at optionsCallback (C:\Users\Administrator\Desktop\HotelM\RestoM 11Final\Backend\node_modules\cors\lib\index.js:199:9)
    at corsMiddleware (C:\Users\Administrator\Desktop\HotelM\RestoM 11Final\Backend\node_modules\cors\lib\index.js:204:7)
    at Layer.handle [as handle_request] (C:\Users\Administrator\Desktop\HotelM\RestoM 11Final\Backend\node_modules\express\lib\router\layer.js:95:5)
    at trim_prefix (C:\Users\Administrator\Desktop\HotelM\RestoM 11Final\Backend\node_modules\express\lib\router\index.js:328:13)
    at C:\Users\Administrator\Desktop\HotelM\RestoM 11Final\Backend\node_modules\express\lib\router\index.js:286:9
    at router.process_params (C:\Users\Administrator\Desktop\HotelM\RestoM 11Final\Backend\node_modules\express\lib\router\index.js:346:12)
    at next (C:\Users\Administrator\Desktop\HotelM\RestoM 11Final\Backend\node_modules\express\lib\router\index.js:280:10)
    at expressInit (C:\Users\Administrator\Desktop\HotelM\RestoM 11Final\Backend\node_modules\express\lib\middleware\init.js:40:5)
